#-----------------------------------------------------------
# Vivado v2021.2 (64-bit)
# SW Build 3367213 on Tue Oct 19 02:48:09 MDT 2021
# IP Build 3369179 on Thu Oct 21 08:25:16 MDT 2021
# Start of session at: Mon Oct 13 22:15:43 2025
# Process ID: 104312
# Current directory: C:/Users/jaebum324/Desktop/종합설계/Project/cau-capstone-systolic-array
# Command line: vivado.exe -gui_launcher_event rodinguilauncherevent98844 C:\Users\jaebum324\Desktop\종합설계\Project\cau-capstone-systolic-array\capstone_design_final.xpr
# Log file: C:/Users/jaebum324/Desktop/종합설계/Project/cau-capstone-systolic-array/vivado.log
# Journal file: C:/Users/jaebum324/Desktop/종합설계/Project/cau-capstone-systolic-array\vivado.jou
# Running On: DESKTOP-KDQSPRN, OS: Windows, CPU Frequency: 2189 MHz, CPU Physical cores: 12, Host memory: 16718 MB
#-----------------------------------------------------------
start_gui
open_project C:/Users/jaebum324/Desktop/종합설계/Project/cau-capstone-systolic-array/capstone_design_final.xpr
update_compile_order -fileset sources_1
ipx::edit_ip_in_project -upgrade true -name sa_engine_ip_v1_0_project -directory C:/Users/jaebum324/Desktop/Project/cau-capstone-systolic-array/capstone_design_final.tmp/sa_engine_ip_v1_0_project c:/Users/jaebum324/Desktop/~횉欖쨀째챔/Project/cau-capstone-systolic-array/sa_engine_ip_1.0/component.x
close_project
