#-----------------------------------------------------------
# Vivado v2021.2 (64-bit)
# SW Build 3367213 on Tue Oct 19 02:48:09 MDT 2021
# IP Build 3369179 on Thu Oct 21 08:25:16 MDT 2021
# Start of session at: Mon Nov  3 20:56:48 2025
# Process ID: 38024
# Current directory: C:/Users/sudea/capstone_design_final/sa_engine_ip_1.0/sim_projects/sa_vip_test/sa_vip_test.runs/sa_engine_ip_v1_0_bfm_1_master_0_0_synth_1
# Command line: vivado.exe -log sa_engine_ip_v1_0_bfm_1_master_0_0.vds -product Vivado -mode batch -messageDb vivado.pb -notrace -source sa_engine_ip_v1_0_bfm_1_master_0_0.tcl
# Log file: C:/Users/sudea/capstone_design_final/sa_engine_ip_1.0/sim_projects/sa_vip_test/sa_vip_test.runs/sa_engine_ip_v1_0_bfm_1_master_0_0_synth_1/sa_engine_ip_v1_0_bfm_1_master_0_0.vds
# Journal file: C:/Users/sudea/capstone_design_final/sa_engine_ip_1.0/sim_projects/sa_vip_test/sa_vip_test.runs/sa_engine_ip_v1_0_bfm_1_master_0_0_synth_1\vivado.jou
# Running On: BOOK-Q06N8541RB, OS: Windows, CPU Frequency: 3302 MHz, CPU Physical cores: 8, Host memory: 33834 MB
#-----------------------------------------------------------
source sa_engine_ip_v1_0_bfm_1_master_0_0.tcl -notrace
